******************************************************************************
                  TI ARM Linker Unix v20.2.7                   
******************************************************************************
>> Linked Fri Dec  6 11:50:40 2024

OUTPUT FILE NAME:   <Nrf24l01.out>
ENTRY POINT SYMBOL: "_c_int00_noargs"  address: 00003a7d


MEMORY CONFIGURATION

         name            origin    length      used     unused   attr    fill
----------------------  --------  ---------  --------  --------  ----  --------
  FLASH                 00000000   00040000  00003db4  0003c24c  R  X
  SRAM                  20000000   00008000  0000100c  00006ff4  RW X


SEGMENT ALLOCATION MAP

run origin  load origin   length   init length attrs members
----------  ----------- ---------- ----------- ----- -------
00000000    00000000    00003db4   00003db4    r-x
  00000000    00000000    0000026c   0000026c    r-- .intvecs
  0000026c    0000026c    0000395c   0000395c    r-x .text
  00003bc8    00003bc8    000001d0   000001d0    r-- .const
  00003d98    00003d98    0000001c   0000001c    r-- .cinit
20000000    20000000    0000100c   00000000    rw-
  20000000    20000000    00001000   00000000    rw- .stack
  20001000    20001000    0000000c   00000000    rw- .data


SECTION ALLOCATION MAP

 output                                  attributes/
section   page    origin      length       input sections
--------  ----  ----------  ----------   ----------------
.intvecs   0    00000000    0000026c     
                  00000000    0000026c     tm4c123gh6pm_startup_ccs.obj (.intvecs)

.text      0    0000026c    0000395c     
                  0000026c    00000a4e     rtsv7M4_T_le_v4SPD16_eabi.lib : _printfi.c.obj (.text:__TI_printfi)
                  00000cba    00000002                                   : div0.asm.obj (.text)
                  00000cbc    00000808     gpio.obj (.text)
                  000014c4    00000696     shell.obj (.text)
                  00001b5a    00000002     --HOLE-- [fill = 0]
                  00001b5c    00000460     rtsv7M4_T_le_v4SPD16_eabi.lib : strtod.c.obj (.text:strtod)
                  00001fbc    000002a4     nrf24l01.obj (.text)
                  00002260    00000270     rtsv7M4_T_le_v4SPD16_eabi.lib : _printfi.c.obj (.text:_pconv_a)
                  000024d0    000001d0                                   : _printfi.c.obj (.text:_pconv_g)
                  000026a0    000001b6                                   : fd_add_t2.asm.obj (.text)
                  00002856    00000002     --HOLE-- [fill = 0]
                  00002858    00000174     spi1.obj (.text)
                  000029cc    0000016c     main.obj (.text)
                  00002b38    00000164     uart0.obj (.text)
                  00002c9c    0000013c     rtsv7M4_T_le_v4SPD16_eabi.lib : _printfi.c.obj (.text:_pconv_e)
                  00002dd8    00000136                                   : fd_div_t2.asm.obj (.text)
                  00002f0e    00000002     --HOLE-- [fill = 0]
                  00002f10    00000124                                   : _printfi.c.obj (.text:fcvt)
                  00003034    00000110                                   : s_scalbn.c.obj (.text:scalbn)
                  00003144    000000fc                                   : fd_mul_t2.asm.obj (.text)
                  00003240    000000d4     nvic.obj (.text)
                  00003314    000000b1     rtsv7M4_T_le_v4SPD16_eabi.lib : _printfi.c.obj (.text:_ltostr)
                  000033c5    00000001     --HOLE-- [fill = 0]
                  000033c6    0000009c                                   : memcpy_t2.asm.obj (.text)
                  00003462    00000096                                   : ull_div_t2.asm.obj (.text)
                  000034f8    00000086                                   : fd_cmp_t2.asm.obj (.text:__aeabi_cdcmple)
                  0000357e    00000086                                   : fd_cmp_t2.asm.obj (.text:__aeabi_cdrcmple)
                  00003604    0000007a                                   : memset_t2.asm.obj (.text)
                  0000367e    0000006e                                   : _printfi.c.obj (.text:_mcpy)
                  000036ec    0000006e                                   : fd_tos_t2.asm.obj (.text)
                  0000375a    00000068                                   : copy_decompress_lzss.c.obj (.text:decompress:lzss:__TI_decompress_lzss)
                  000037c2    00000002     --HOLE-- [fill = 0]
                  000037c4    00000064                                   : s_frexp.c.obj (.text:frexp)
                  00003828    00000056                                   : _printfi.c.obj (.text:_pconv_f)
                  0000387e    00000054                                   : _ltoa.c.obj (.text:__TI_ltoa)
                  000038d2    00000052                                   : _printfi.c.obj (.text:_ecpy)
                  00003924    0000004c                                   : atoi.c.obj (.text:atoi)
                  00003970    00000048                                   : fd_toi_t2.asm.obj (.text)
                  000039b8    00000044                                   : autoinit.c.obj (.text:__TI_auto_init_nobinit_nopinit:__TI_auto_init_nobinit_nopinit)
                  000039fc    00000040                                   : sprintf.c.obj (.text:sprintf)
                  00003a3c    0000003e                                   : _printfi.c.obj (.text:_fcpy)
                  00003a7a    00000002     --HOLE-- [fill = 0]
                  00003a7c    00000034                                   : boot_cortex_m.c.obj (.text:_c_int00_noargs:_c_int00_noargs)
                  00003ab0    0000002e                                   : i_tofd_t2.asm.obj (.text)
                  00003ade    0000001c                                   : memccpy.c.obj (.text:memccpy)
                  00003afa    0000001c     wait.obj (.text)
                  00003b16    0000001a     rtsv7M4_T_le_v4SPD16_eabi.lib : s_copysign.c.obj (.text:copysign)
                  00003b30    00000018                                   : sprintf.c.obj (.text:_outs)
                  00003b48    00000016                                   : strchr.c.obj (.text:strchr)
                  00003b5e    00000012                                   : atof.c.obj (.text:atof)
                  00003b70    00000012                                   : wcslen.c.obj (.text:wcslen)
                  00003b82    00000002     --HOLE-- [fill = 0]
                  00003b84    00000010     clock.obj (.text)
                  00003b94    0000000e     rtsv7M4_T_le_v4SPD16_eabi.lib : copy_decompress_none.c.obj (.text:decompress:none:__TI_decompress_none)
                  00003ba2    0000000c     tm4c123gh6pm_startup_ccs.obj (.text)
                  00003bae    0000000a     rtsv7M4_T_le_v4SPD16_eabi.lib : sprintf.c.obj (.text:_outc)
                  00003bb8    00000008                                   : errno.c.obj (.text:__aeabi_errno_addr)
                  00003bc0    00000004                                   : pre_init.c.obj (.text:_system_pre_init)
                  00003bc4    00000004                                   : exit.c.obj (.text:abort:abort)

.const     0    00003bc8    000001d0     
                  00003bc8    00000101     rtsv7M4_T_le_v4SPD16_eabi.lib : ctype.c.obj (.const:.string:_ctypes_)
                  00003cc9    00000007     --HOLE-- [fill = 0]
                  00003cd0    000000c8                                   : strtod.c.obj (.const:$O1$$)

.cinit     0    00003d98    0000001c     
                  00003d98    0000000c     (.cinit..data.load) [load image, compression = lzss]
                  00003da4    00000008     (__TI_handler_table)
                  00003dac    00000008     (__TI_cinit_table)

.init_array 
*          0    00000000    00000000     UNINITIALIZED

.data      0    20001000    0000000c     UNINITIALIZED
                  20001000    00000005     main.obj (.data:addr)
                  20001005    00000003     --HOLE--
                  20001008    00000004     rtsv7M4_T_le_v4SPD16_eabi.lib : errno.c.obj (.data)

.stack     0    20000000    00001000     UNINITIALIZED
                  20000000    00000004     rtsv7M4_T_le_v4SPD16_eabi.lib : boot_cortex_m.c.obj (.stack)
                  20000004    00000ffc     --HOLE--

__llvm_prf_cnts 
*          0    20000000    00000000     UNINITIALIZED

MODULE SUMMARY

       Module                         code    ro data   rw data
       ------                         ----    -------   -------
    ./
       gpio.obj                       2056    0         0      
       shell.obj                      1686    0         0      
       nrf24l01.obj                   676     0         0      
       tm4c123gh6pm_startup_ccs.obj   12      620       0      
       spi1.obj                       372     0         0      
       main.obj                       364     0         5      
       uart0.obj                      356     0         0      
       nvic.obj                       212     0         0      
       wait.obj                       28      0         0      
       clock.obj                      16      0         0      
    +--+------------------------------+-------+---------+---------+
       Total:                         5778    620       5      
                                                               
    /home/kyojin/ti/ccs1260/ccs/tools/compiler/ti-cgt-arm_20.2.7.LTS/lib/rtsv7M4_T_le_v4SPD16_eabi.lib
       _printfi.c.obj                 4851    0         0      
       strtod.c.obj                   1120    200       0      
       fd_add_t2.asm.obj              438     0         0      
       fd_div_t2.asm.obj              310     0         0      
       s_scalbn.c.obj                 272     0         0      
       fd_cmp_t2.asm.obj              268     0         0      
       ctype.c.obj                    0       257       0      
       fd_mul_t2.asm.obj              252     0         0      
       memcpy_t2.asm.obj              156     0         0      
       ull_div_t2.asm.obj             150     0         0      
       memset_t2.asm.obj              122     0         0      
       fd_tos_t2.asm.obj              110     0         0      
       copy_decompress_lzss.c.obj     104     0         0      
       s_frexp.c.obj                  100     0         0      
       sprintf.c.obj                  98      0         0      
       _ltoa.c.obj                    84      0         0      
       atoi.c.obj                     76      0         0      
       fd_toi_t2.asm.obj              72      0         0      
       autoinit.c.obj                 68      0         0      
       boot_cortex_m.c.obj            52      0         0      
       i_tofd_t2.asm.obj              46      0         0      
       memccpy.c.obj                  28      0         0      
       s_copysign.c.obj               26      0         0      
       strchr.c.obj                   22      0         0      
       atof.c.obj                     18      0         0      
       wcslen.c.obj                   18      0         0      
       copy_decompress_none.c.obj     14      0         0      
       errno.c.obj                    8       0         4      
       exit.c.obj                     4       0         0      
       pre_init.c.obj                 4       0         0      
       div0.asm.obj                   2       0         0      
    +--+------------------------------+-------+---------+---------+
       Total:                         8893    457       4      
                                                               
       Stack:                         0       0         4096   
       Linker Generated:              0       28        0      
    +--+------------------------------+-------+---------+---------+
       Grand Total:                   14671   1105      4105   


LINKER GENERATED COPY TABLES

__TI_cinit_table @ 00003dac records: 1, size/record: 8, table size: 8
	.data: load addr=00003d98, load size=0000000c bytes, run addr=20001000, run size=0000000c bytes, compression=lzss


LINKER GENERATED HANDLER TABLE

__TI_handler_table @ 00003da4 records: 2, size/record: 4, table size: 8
	index: 0, handler: __TI_decompress_lzss
	index: 1, handler: __TI_decompress_none


GLOBAL SYMBOLS: SORTED ALPHABETICALLY BY Name 

address   name                          
-------   ----                          
00003bc5  C$$EXIT                       
00003ba3  ResetISR                      
20001000  __STACK_END                   
00001000  __STACK_SIZE                  
20000200  __STACK_TOP                   
00003dac  __TI_CINIT_Base               
00003db4  __TI_CINIT_Limit              
00003da4  __TI_Handler_Table_Base       
00003dac  __TI_Handler_Table_Limit      
000039b9  __TI_auto_init_nobinit_nopinit
0000375b  __TI_decompress_lzss          
00003b95  __TI_decompress_none          
0000387f  __TI_ltoa                     
ffffffff  __TI_pprof_out_hndl           
0000026d  __TI_printfi                  
ffffffff  __TI_prof_data_size           
ffffffff  __TI_prof_data_start          
00000000  __TI_static_base__            
000034f9  __aeabi_cdcmpeq               
000034f9  __aeabi_cdcmple               
0000357f  __aeabi_cdrcmple              
000036ed  __aeabi_d2f                   
00003971  __aeabi_d2iz                  
000026ab  __aeabi_dadd                  
00002dd9  __aeabi_ddiv                  
00003145  __aeabi_dmul                  
000026a1  __aeabi_dsub                  
00003bb9  __aeabi_errno_addr            
00003ab1  __aeabi_i2d                   
00000cbb  __aeabi_idiv0                 
00000cbb  __aeabi_ldiv0                 
00003605  __aeabi_memclr                
00003605  __aeabi_memclr4               
00003605  __aeabi_memclr8               
000033c7  __aeabi_memcpy                
000033c7  __aeabi_memcpy4               
000033c7  __aeabi_memcpy8               
00003607  __aeabi_memset                
00003607  __aeabi_memset4               
00003607  __aeabi_memset8               
00003463  __aeabi_uldivmod              
ffffffff  __binit__                     
ffffffff  __c_args__                    
UNDEFED   __mpu_init                    
20000000  __stack                       
20000000  __start___llvm_prf_cnts       
20000000  __stop___llvm_prf_cnts        
00003a7d  _c_int00_noargs               
00003bc8  _ctypes_                      
UNDEFED   _system_post_cinit            
00003bc1  _system_pre_init              
00003bc5  abort                         
20001000  addr                          
00003b5f  atof                          
00003925  atoi                          
00001853  atoi32                        
ffffffff  binit                         
00001311  clearPinInterrupt             
00001b23  clearString                   
00002023  configDefaultNrf24            
00003b17  copysign                      
00003b17  copysignl                     
00003279  disableNvicInterrupt          
000012ed  disablePinInterrupt           
00001025  disablePinPulldown            
00000fdd  disablePinPullup              
00000d79  disablePort                   
00003241  enableNvicInterrupt           
000012c9  enablePinInterrupt            
00001001  enablePinPulldown             
00000faf  enablePinPullup               
00000cbd  enablePort                    
20001008  errno                         
000037c5  frexp                         
000037c5  frexpl                        
00000000  g_pfnVectors                  
000016a5  getFieldFloat                 
00001687  getFieldInt                   
00001669  getFieldString                
0000137f  getPinValue                   
00001435  getPortValue                  
00002c39  getcUart0                     
000014d5  getsUart0                     
00001a5b  htoa                          
000029cd  initGpio                      
00001fc9  initNrfGpio                   
000014c5  initScreen                    
00002859  initSpi1                      
00003b85  initSystemClockTo40Mhz        
00002b39  initUart0                     
00001fbd  irqIsr                        
000016cf  isCommand                     
00001973  itoa32                        
00002c4d  kbhitUart0                    
00003035  ldexp                         
00003035  ldexpl                        
000029e9  main                          
00003adf  memccpy                       
000033c7  memcpy                        
0000360d  memset                        
00001b51  newline                       
000021df  nrf24ReadReg                  
00002233  nrf24SendCommand              
000020c7  nrf24Transmit                 
00002143  nrf24WriteReg                 
0000218b  nrf24WriteRegMulti            
00001555  parseFields                   
00002bf1  putcUart0                     
00002c0d  putsUart0                     
00002997  readSpi1Data                  
00003035  scalbn                        
00003035  scalbnl                       
00000ee3  selectPinAnalogInput          
00000e95  selectPinDigitalInput         
000011ff  selectPinInterruptBothEdges   
000011af  selectPinInterruptFallingEdge 
00001255  selectPinInterruptHighLevel   
0000128f  selectPinInterruptLowLevel    
0000115f  selectPinInterruptRisingEdge  
00000e47  selectPinOpenDrainOutput      
00000df9  selectPinPushPullOutput       
000020c5  setNrfRxMode                  
00002073  setNrfTxMode                  
000032b1  setNvicInterruptPriority      
0000104d  setPinAuxFunction             
00000f33  setPinCommitControl           
00001335  setPinValue                   
000013bd  setPortValue                  
000028e9  setSpi1BaudRate               
0000291f  setSpi1Mode                   
00002bad  setUart0BaudRate              
0000299f  spi1RxNotEmpty                
000039fd  sprintf                       
00003b49  strchr                        
000017ff  strcmp                        
00001719  strcpy                        
00001769  strcpyFill                    
000017e1  strlen                        
00001b5d  strtod                        
00001b5d  strtold                       
0000135b  togglePinValue                
00003afb  waitMicrosecond               
00003b71  wcslen                        
0000297b  writeSpi1Data                 


GLOBAL SYMBOLS: SORTED BY Symbol Address 

address   name                          
-------   ----                          
00000000  __TI_static_base__            
00000000  g_pfnVectors                  
0000026d  __TI_printfi                  
00000cbb  __aeabi_idiv0                 
00000cbb  __aeabi_ldiv0                 
00000cbd  enablePort                    
00000d79  disablePort                   
00000df9  selectPinPushPullOutput       
00000e47  selectPinOpenDrainOutput      
00000e95  selectPinDigitalInput         
00000ee3  selectPinAnalogInput          
00000f33  setPinCommitControl           
00000faf  enablePinPullup               
00000fdd  disablePinPullup              
00001000  __STACK_SIZE                  
00001001  enablePinPulldown             
00001025  disablePinPulldown            
0000104d  setPinAuxFunction             
0000115f  selectPinInterruptRisingEdge  
000011af  selectPinInterruptFallingEdge 
000011ff  selectPinInterruptBothEdges   
00001255  selectPinInterruptHighLevel   
0000128f  selectPinInterruptLowLevel    
000012c9  enablePinInterrupt            
000012ed  disablePinInterrupt           
00001311  clearPinInterrupt             
00001335  setPinValue                   
0000135b  togglePinValue                
0000137f  getPinValue                   
000013bd  setPortValue                  
00001435  getPortValue                  
000014c5  initScreen                    
000014d5  getsUart0                     
00001555  parseFields                   
00001669  getFieldString                
00001687  getFieldInt                   
000016a5  getFieldFloat                 
000016cf  isCommand                     
00001719  strcpy                        
00001769  strcpyFill                    
000017e1  strlen                        
000017ff  strcmp                        
00001853  atoi32                        
00001973  itoa32                        
00001a5b  htoa                          
00001b23  clearString                   
00001b51  newline                       
00001b5d  strtod                        
00001b5d  strtold                       
00001fbd  irqIsr                        
00001fc9  initNrfGpio                   
00002023  configDefaultNrf24            
00002073  setNrfTxMode                  
000020c5  setNrfRxMode                  
000020c7  nrf24Transmit                 
00002143  nrf24WriteReg                 
0000218b  nrf24WriteRegMulti            
000021df  nrf24ReadReg                  
00002233  nrf24SendCommand              
000026a1  __aeabi_dsub                  
000026ab  __aeabi_dadd                  
00002859  initSpi1                      
000028e9  setSpi1BaudRate               
0000291f  setSpi1Mode                   
0000297b  writeSpi1Data                 
00002997  readSpi1Data                  
0000299f  spi1RxNotEmpty                
000029cd  initGpio                      
000029e9  main                          
00002b39  initUart0                     
00002bad  setUart0BaudRate              
00002bf1  putcUart0                     
00002c0d  putsUart0                     
00002c39  getcUart0                     
00002c4d  kbhitUart0                    
00002dd9  __aeabi_ddiv                  
00003035  ldexp                         
00003035  ldexpl                        
00003035  scalbn                        
00003035  scalbnl                       
00003145  __aeabi_dmul                  
00003241  enableNvicInterrupt           
00003279  disableNvicInterrupt          
000032b1  setNvicInterruptPriority      
000033c7  __aeabi_memcpy                
000033c7  __aeabi_memcpy4               
000033c7  __aeabi_memcpy8               
000033c7  memcpy                        
00003463  __aeabi_uldivmod              
000034f9  __aeabi_cdcmpeq               
000034f9  __aeabi_cdcmple               
0000357f  __aeabi_cdrcmple              
00003605  __aeabi_memclr                
00003605  __aeabi_memclr4               
00003605  __aeabi_memclr8               
00003607  __aeabi_memset                
00003607  __aeabi_memset4               
00003607  __aeabi_memset8               
0000360d  memset                        
000036ed  __aeabi_d2f                   
0000375b  __TI_decompress_lzss          
000037c5  frexp                         
000037c5  frexpl                        
0000387f  __TI_ltoa                     
00003925  atoi                          
00003971  __aeabi_d2iz                  
000039b9  __TI_auto_init_nobinit_nopinit
000039fd  sprintf                       
00003a7d  _c_int00_noargs               
00003ab1  __aeabi_i2d                   
00003adf  memccpy                       
00003afb  waitMicrosecond               
00003b17  copysign                      
00003b17  copysignl                     
00003b49  strchr                        
00003b5f  atof                          
00003b71  wcslen                        
00003b85  initSystemClockTo40Mhz        
00003b95  __TI_decompress_none          
00003ba3  ResetISR                      
00003bb9  __aeabi_errno_addr            
00003bc1  _system_pre_init              
00003bc5  C$$EXIT                       
00003bc5  abort                         
00003bc8  _ctypes_                      
00003da4  __TI_Handler_Table_Base       
00003dac  __TI_CINIT_Base               
00003dac  __TI_Handler_Table_Limit      
00003db4  __TI_CINIT_Limit              
20000000  __stack                       
20000000  __start___llvm_prf_cnts       
20000000  __stop___llvm_prf_cnts        
20000200  __STACK_TOP                   
20001000  __STACK_END                   
20001000  addr                          
20001008  errno                         
ffffffff  __TI_pprof_out_hndl           
ffffffff  __TI_prof_data_size           
ffffffff  __TI_prof_data_start          
ffffffff  __binit__                     
ffffffff  __c_args__                    
ffffffff  binit                         
UNDEFED   __mpu_init                    
UNDEFED   _system_post_cinit            

[144 symbols]
