******************************************************************************
                  TI ARM Linker Unix v20.2.7                   
******************************************************************************
>> Linked Wed Dec  4 20:20:36 2024

OUTPUT FILE NAME:   <Uart2LCD.out>
ENTRY POINT SYMBOL: "_c_int00_noargs"  address: 0000236d


MEMORY CONFIGURATION

         name            origin    length      used     unused   attr    fill
----------------------  --------  ---------  --------  --------  ----  --------
  FLASH                 00000000   00040000  00002640  0003d9c0  R  X
  SRAM                  20000000   00008000  00000804  000077fc  RW X


SEGMENT ALLOCATION MAP

run origin  load origin   length   init length attrs members
----------  ----------- ---------- ----------- ----- -------
00000000    00000000    00002640   00002640    r-x
  00000000    00000000    0000026c   0000026c    r-- .intvecs
  0000026c    0000026c    000021ec   000021ec    r-x .text
  00002458    00002458    000001d0   000001d0    r-- .const
  00002628    00002628    00000018   00000018    r-- .cinit
20000000    20000000    00000804   00000000    rw-
  20000000    20000000    00000800   00000000    rw- .stack
  20000800    20000800    00000004   00000000    rw- .data


SECTION ALLOCATION MAP

 output                                  attributes/
section   page    origin      length       input sections
--------  ----  ----------  ----------   ----------------
.intvecs   0    00000000    0000026c     
                  00000000    0000026c     tm4c123gh6pm_startup_ccs.obj (.intvecs)

.text      0    0000026c    000021ec     
                  0000026c    00000808     gpio.obj (.text)
                  00000a74    0000068e     shell.obj (.text)
                  00001102    00000002     --HOLE-- [fill = 0]
                  00001104    00000460     rtsv7M4_T_le_v4SPD16_eabi.lib : strtod.c.obj (.text:strtod)
                  00001564    000003c4     i2c0.obj (.text)
                  00001928    000001b6     rtsv7M4_T_le_v4SPD16_eabi.lib : fd_add_t2.asm.obj (.text)
                  00001ade    00000002     --HOLE-- [fill = 0]
                  00001ae0    00000164     uart0.obj (.text)
                  00001c44    00000136     rtsv7M4_T_le_v4SPD16_eabi.lib : fd_div_t2.asm.obj (.text)
                  00001d7a    0000012e     i2c0_lcd.obj (.text)
                  00001ea8    00000110     rtsv7M4_T_le_v4SPD16_eabi.lib : s_scalbn.c.obj (.text:scalbn)
                  00001fb8    000000fc                                   : fd_mul_t2.asm.obj (.text)
                  000020b4    0000009c                                   : memcpy_t2.asm.obj (.text)
                  00002150    00000086                                   : fd_cmp_t2.asm.obj (.text:__aeabi_cdcmple)
                  000021d6    0000007a                                   : memset_t2.asm.obj (.text)
                  00002250    0000006e                                   : fd_tos_t2.asm.obj (.text)
                  000022be    00000068                                   : copy_decompress_lzss.c.obj (.text:decompress:lzss:__TI_decompress_lzss)
                  00002326    00000002     --HOLE-- [fill = 0]
                  00002328    00000044                                   : autoinit.c.obj (.text:__TI_auto_init_nobinit_nopinit:__TI_auto_init_nobinit_nopinit)
                  0000236c    00000034                                   : boot_cortex_m.c.obj (.text:_c_int00_noargs:_c_int00_noargs)
                  000023a0    00000034     main.obj (.text)
                  000023d4    0000001c     wait.obj (.text)
                  000023f0    0000001a     rtsv7M4_T_le_v4SPD16_eabi.lib : s_copysign.c.obj (.text:copysign)
                  0000240a    00000012                                   : atof.c.obj (.text:atof)
                  0000241c    00000010     clock.obj (.text)
                  0000242c    0000000e     rtsv7M4_T_le_v4SPD16_eabi.lib : copy_decompress_none.c.obj (.text:decompress:none:__TI_decompress_none)
                  0000243a    0000000c     tm4c123gh6pm_startup_ccs.obj (.text)
                  00002446    00000002     --HOLE-- [fill = 0]
                  00002448    00000008     rtsv7M4_T_le_v4SPD16_eabi.lib : errno.c.obj (.text:__aeabi_errno_addr)
                  00002450    00000004                                   : pre_init.c.obj (.text:_system_pre_init)
                  00002454    00000004                                   : exit.c.obj (.text:abort:abort)

.const     0    00002458    000001d0     
                  00002458    00000101     rtsv7M4_T_le_v4SPD16_eabi.lib : ctype.c.obj (.const:.string:_ctypes_)
                  00002559    00000007     --HOLE-- [fill = 0]
                  00002560    000000c8                                   : strtod.c.obj (.const:$O1$$)

.cinit     0    00002628    00000018     
                  00002628    00000008     (__TI_handler_table)
                  00002630    00000007     (.cinit..data.load) [load image, compression = lzss]
                  00002637    00000001     --HOLE-- [fill = 0]
                  00002638    00000008     (__TI_cinit_table)

.init_array 
*          0    00000000    00000000     UNINITIALIZED

.data      0    20000800    00000004     UNINITIALIZED
                  20000800    00000004     rtsv7M4_T_le_v4SPD16_eabi.lib : errno.c.obj (.data)

.stack     0    20000000    00000800     UNINITIALIZED
                  20000000    00000004     rtsv7M4_T_le_v4SPD16_eabi.lib : boot_cortex_m.c.obj (.stack)
                  20000004    000007fc     --HOLE--

__llvm_prf_cnts 
*          0    20000000    00000000     UNINITIALIZED

MODULE SUMMARY

       Module                         code   ro data   rw data
       ------                         ----   -------   -------
    ./
       gpio.obj                       2056   0         0      
       shell.obj                      1678   0         0      
       i2c0.obj                       964    0         0      
       tm4c123gh6pm_startup_ccs.obj   12     620       0      
       uart0.obj                      356    0         0      
       i2c0_lcd.obj                   302    0         0      
       main.obj                       52     0         0      
       wait.obj                       28     0         0      
       clock.obj                      16     0         0      
    +--+------------------------------+------+---------+---------+
       Total:                         5464   620       0      
                                                              
    /home/kyojin/ti/ccs1260/ccs/tools/compiler/ti-cgt-arm_20.2.7.LTS/lib/rtsv7M4_T_le_v4SPD16_eabi.lib
       strtod.c.obj                   1120   200       0      
       fd_add_t2.asm.obj              438    0         0      
       fd_div_t2.asm.obj              310    0         0      
       s_scalbn.c.obj                 272    0         0      
       ctype.c.obj                    0      257       0      
       fd_mul_t2.asm.obj              252    0         0      
       memcpy_t2.asm.obj              156    0         0      
       fd_cmp_t2.asm.obj              134    0         0      
       memset_t2.asm.obj              122    0         0      
       fd_tos_t2.asm.obj              110    0         0      
       copy_decompress_lzss.c.obj     104    0         0      
       autoinit.c.obj                 68     0         0      
       boot_cortex_m.c.obj            52     0         0      
       s_copysign.c.obj               26     0         0      
       atof.c.obj                     18     0         0      
       copy_decompress_none.c.obj     14     0         0      
       errno.c.obj                    8      0         4      
       exit.c.obj                     4      0         0      
       pre_init.c.obj                 4      0         0      
    +--+------------------------------+------+---------+---------+
       Total:                         3212   457       4      
                                                              
       Stack:                         0      0         2048   
       Linker Generated:              0      23        0      
    +--+------------------------------+------+---------+---------+
       Grand Total:                   8676   1100      2052   


LINKER GENERATED COPY TABLES

__TI_cinit_table @ 00002638 records: 1, size/record: 8, table size: 8
	.data: load addr=00002630, load size=00000007 bytes, run addr=20000800, run size=00000004 bytes, compression=lzss


LINKER GENERATED HANDLER TABLE

__TI_handler_table @ 00002628 records: 2, size/record: 4, table size: 8
	index: 0, handler: __TI_decompress_lzss
	index: 1, handler: __TI_decompress_none


GLOBAL SYMBOLS: SORTED ALPHABETICALLY BY Name 

address   name                          
-------   ----                          
00002455  C$$EXIT                       
0000243b  ResetISR                      
20000800  __STACK_END                   
00000800  __STACK_SIZE                  
20000200  __STACK_TOP                   
00002638  __TI_CINIT_Base               
00002640  __TI_CINIT_Limit              
00002628  __TI_Handler_Table_Base       
00002630  __TI_Handler_Table_Limit      
00002329  __TI_auto_init_nobinit_nopinit
000022bf  __TI_decompress_lzss          
0000242d  __TI_decompress_none          
ffffffff  __TI_pprof_out_hndl           
ffffffff  __TI_prof_data_size           
ffffffff  __TI_prof_data_start          
00000000  __TI_static_base__            
00002151  __aeabi_cdcmpeq               
00002151  __aeabi_cdcmple               
00002251  __aeabi_d2f                   
00001933  __aeabi_dadd                  
00001c45  __aeabi_ddiv                  
00001fb9  __aeabi_dmul                  
00001929  __aeabi_dsub                  
00002449  __aeabi_errno_addr            
000021d7  __aeabi_memclr                
000021d7  __aeabi_memclr4               
000021d7  __aeabi_memclr8               
000020b5  __aeabi_memcpy                
000020b5  __aeabi_memcpy4               
000020b5  __aeabi_memcpy8               
000021d9  __aeabi_memset                
000021d9  __aeabi_memset4               
000021d9  __aeabi_memset8               
ffffffff  __binit__                     
ffffffff  __c_args__                    
UNDEFED   __mpu_init                    
20000000  __stack                       
20000000  __start___llvm_prf_cnts       
20000000  __stop___llvm_prf_cnts        
0000236d  _c_int00_noargs               
00002458  _ctypes_                      
UNDEFED   _system_post_cinit            
00002451  _system_pre_init              
00002455  abort                         
0000240b  atof                          
00000e05  atoi32                        
ffffffff  binit                         
000008c1  clearPinInterrupt             
000010d5  clearString                   
000023f1  copysign                      
000023f1  copysignl                     
0000089d  disablePinInterrupt           
000005d5  disablePinPulldown            
0000058d  disablePinPullup              
00000329  disablePort                   
00000879  enablePinInterrupt            
000005b1  enablePinPulldown             
0000055f  enablePinPullup               
0000026d  enablePort                    
20000800  errno                         
00000000  g_pfnVectors                  
00000c63  getFieldFloat                 
00000c45  getFieldInt                   
00000c27  getFieldString                
0000092f  getPinValue                   
000009e5  getPortValue                  
00001be1  getcUart0                     
00000a93  getsUart0                     
0000100d  htoa                          
00001565  initI2c0                      
00001e1b  initLcd                       
00000a75  initShell                     
0000241d  initSystemClockTo40Mhz        
00001ae1  initUart0                     
00000c8d  isCommand                     
000018fd  isI2c0Error                   
00000f25  itoa32                        
00001bf5  kbhitUart0                    
00001ea9  ldexp                         
00001ea9  ldexpl                        
000023a1  main                          
000020b5  memcpy                        
000021df  memset                        
00000b13  parseFields                   
000018af  pollI2c0Address               
00001b99  putcUart0                     
00001e4d  putsLcd                       
00001bb5  putsUart0                     
000015f5  readI2c0Data                  
00001739  readI2c0Register              
00001797  readI2c0Registers             
00001ea9  scalbn                        
00001ea9  scalbnl                       
00000493  selectPinAnalogInput          
00000445  selectPinDigitalInput         
000007af  selectPinInterruptBothEdges   
0000075f  selectPinInterruptFallingEdge 
00000805  selectPinInterruptHighLevel   
0000083f  selectPinInterruptLowLevel    
0000070f  selectPinInterruptRisingEdge  
000003f7  selectPinOpenDrainOutput      
000003a9  selectPinPushPullOutput       
000005fd  setPinAuxFunction             
000004e3  setPinCommitControl           
000008e5  setPinValue                   
0000096d  setPortValue                  
00001b55  setUart0BaudRate              
00000db1  strcmp                        
00000cd7  strcpy                        
00000d1b  strcpyFill                    
00000d93  strlen                        
00001105  strtod                        
00001105  strtold                       
0000090b  togglePinValue                
000023d5  waitMicrosecond               
000015bf  writeI2c0Data                 
00001629  writeI2c0Register             
0000167f  writeI2c0Registers            
00001d7b  writeTextLcdCommand           
00001dcb  writeTextLcdData              


GLOBAL SYMBOLS: SORTED BY Symbol Address 

address   name                          
-------   ----                          
00000000  __TI_static_base__            
00000000  g_pfnVectors                  
0000026d  enablePort                    
00000329  disablePort                   
000003a9  selectPinPushPullOutput       
000003f7  selectPinOpenDrainOutput      
00000445  selectPinDigitalInput         
00000493  selectPinAnalogInput          
000004e3  setPinCommitControl           
0000055f  enablePinPullup               
0000058d  disablePinPullup              
000005b1  enablePinPulldown             
000005d5  disablePinPulldown            
000005fd  setPinAuxFunction             
0000070f  selectPinInterruptRisingEdge  
0000075f  selectPinInterruptFallingEdge 
000007af  selectPinInterruptBothEdges   
00000800  __STACK_SIZE                  
00000805  selectPinInterruptHighLevel   
0000083f  selectPinInterruptLowLevel    
00000879  enablePinInterrupt            
0000089d  disablePinInterrupt           
000008c1  clearPinInterrupt             
000008e5  setPinValue                   
0000090b  togglePinValue                
0000092f  getPinValue                   
0000096d  setPortValue                  
000009e5  getPortValue                  
00000a75  initShell                     
00000a93  getsUart0                     
00000b13  parseFields                   
00000c27  getFieldString                
00000c45  getFieldInt                   
00000c63  getFieldFloat                 
00000c8d  isCommand                     
00000cd7  strcpy                        
00000d1b  strcpyFill                    
00000d93  strlen                        
00000db1  strcmp                        
00000e05  atoi32                        
00000f25  itoa32                        
0000100d  htoa                          
000010d5  clearString                   
00001105  strtod                        
00001105  strtold                       
00001565  initI2c0                      
000015bf  writeI2c0Data                 
000015f5  readI2c0Data                  
00001629  writeI2c0Register             
0000167f  writeI2c0Registers            
00001739  readI2c0Register              
00001797  readI2c0Registers             
000018af  pollI2c0Address               
000018fd  isI2c0Error                   
00001929  __aeabi_dsub                  
00001933  __aeabi_dadd                  
00001ae1  initUart0                     
00001b55  setUart0BaudRate              
00001b99  putcUart0                     
00001bb5  putsUart0                     
00001be1  getcUart0                     
00001bf5  kbhitUart0                    
00001c45  __aeabi_ddiv                  
00001d7b  writeTextLcdCommand           
00001dcb  writeTextLcdData              
00001e1b  initLcd                       
00001e4d  putsLcd                       
00001ea9  ldexp                         
00001ea9  ldexpl                        
00001ea9  scalbn                        
00001ea9  scalbnl                       
00001fb9  __aeabi_dmul                  
000020b5  __aeabi_memcpy                
000020b5  __aeabi_memcpy4               
000020b5  __aeabi_memcpy8               
000020b5  memcpy                        
00002151  __aeabi_cdcmpeq               
00002151  __aeabi_cdcmple               
000021d7  __aeabi_memclr                
000021d7  __aeabi_memclr4               
000021d7  __aeabi_memclr8               
000021d9  __aeabi_memset                
000021d9  __aeabi_memset4               
000021d9  __aeabi_memset8               
000021df  memset                        
00002251  __aeabi_d2f                   
000022bf  __TI_decompress_lzss          
00002329  __TI_auto_init_nobinit_nopinit
0000236d  _c_int00_noargs               
000023a1  main                          
000023d5  waitMicrosecond               
000023f1  copysign                      
000023f1  copysignl                     
0000240b  atof                          
0000241d  initSystemClockTo40Mhz        
0000242d  __TI_decompress_none          
0000243b  ResetISR                      
00002449  __aeabi_errno_addr            
00002451  _system_pre_init              
00002455  C$$EXIT                       
00002455  abort                         
00002458  _ctypes_                      
00002628  __TI_Handler_Table_Base       
00002630  __TI_Handler_Table_Limit      
00002638  __TI_CINIT_Base               
00002640  __TI_CINIT_Limit              
20000000  __stack                       
20000000  __start___llvm_prf_cnts       
20000000  __stop___llvm_prf_cnts        
20000200  __STACK_TOP                   
20000800  __STACK_END                   
20000800  errno                         
ffffffff  __TI_pprof_out_hndl           
ffffffff  __TI_prof_data_size           
ffffffff  __TI_prof_data_start          
ffffffff  __binit__                     
ffffffff  __c_args__                    
ffffffff  binit                         
UNDEFED   __mpu_init                    
UNDEFED   _system_post_cinit            

[120 symbols]
